Archive member included to satisfy reference by file (symbol)

d:/programs/atollic/truestudio for stm32 9.3.0/armtools/bin/../lib/gcc/arm-atollic-eabi/6.3.1/../../../../arm-atollic-eabi/lib/armv7e-m/fpu\libc_nano.a(lib_a-errno.o)
                              Src\syscalls.o (__errno)
d:/programs/atollic/truestudio for stm32 9.3.0/armtools/bin/../lib/gcc/arm-atollic-eabi/6.3.1/../../../../arm-atollic-eabi/lib/armv7e-m/fpu\libc_nano.a(lib_a-impure.o)
                              d:/programs/atollic/truestudio for stm32 9.3.0/armtools/bin/../lib/gcc/arm-atollic-eabi/6.3.1/../../../../arm-atollic-eabi/lib/armv7e-m/fpu\libc_nano.a(lib_a-errno.o) (_impure_ptr)
d:/programs/atollic/truestudio for stm32 9.3.0/armtools/bin/../lib/gcc/arm-atollic-eabi/6.3.1/../../../../arm-atollic-eabi/lib/armv7e-m/fpu\libc_nano.a(lib_a-init.o)
                              startup\startup_stm32f407xx.o (__libc_init_array)
d:/programs/atollic/truestudio for stm32 9.3.0/armtools/bin/../lib/gcc/arm-atollic-eabi/6.3.1/../../../../arm-atollic-eabi/lib/armv7e-m/fpu\libc_nano.a(lib_a-memset.o)
                              Src\main.o (memset)
d:/programs/atollic/truestudio for stm32 9.3.0/armtools/bin/../lib/gcc/arm-atollic-eabi/6.3.1/../../../../arm-atollic-eabi/lib/armv7e-m/fpu\libc_nano.a(lib_a-sprintf.o)
                              Src\ili9341.o (sprintf)
d:/programs/atollic/truestudio for stm32 9.3.0/armtools/bin/../lib/gcc/arm-atollic-eabi/6.3.1/../../../../arm-atollic-eabi/lib/armv7e-m/fpu\libc_nano.a(lib_a-strlen.o)
                              Src\ili9341.o (strlen)
d:/programs/atollic/truestudio for stm32 9.3.0/armtools/bin/../lib/gcc/arm-atollic-eabi/6.3.1/../../../../arm-atollic-eabi/lib/armv7e-m/fpu\libc_nano.a(lib_a-nano-svfprintf.o)
                              d:/programs/atollic/truestudio for stm32 9.3.0/armtools/bin/../lib/gcc/arm-atollic-eabi/6.3.1/../../../../arm-atollic-eabi/lib/armv7e-m/fpu\libc_nano.a(lib_a-sprintf.o) (_svfprintf_r)
d:/programs/atollic/truestudio for stm32 9.3.0/armtools/bin/../lib/gcc/arm-atollic-eabi/6.3.1/../../../../arm-atollic-eabi/lib/armv7e-m/fpu\libc_nano.a(lib_a-nano-vfprintf_i.o)
                              d:/programs/atollic/truestudio for stm32 9.3.0/armtools/bin/../lib/gcc/arm-atollic-eabi/6.3.1/../../../../arm-atollic-eabi/lib/armv7e-m/fpu\libc_nano.a(lib_a-nano-svfprintf.o) (_printf_i)
d:/programs/atollic/truestudio for stm32 9.3.0/armtools/bin/../lib/gcc/arm-atollic-eabi/6.3.1/../../../../arm-atollic-eabi/lib/armv7e-m/fpu\libc_nano.a(lib_a-memchr.o)
                              d:/programs/atollic/truestudio for stm32 9.3.0/armtools/bin/../lib/gcc/arm-atollic-eabi/6.3.1/../../../../arm-atollic-eabi/lib/armv7e-m/fpu\libc_nano.a(lib_a-nano-svfprintf.o) (memchr)
d:/programs/atollic/truestudio for stm32 9.3.0/armtools/bin/../lib/gcc/arm-atollic-eabi/6.3.1/../../../../arm-atollic-eabi/lib/armv7e-m/fpu\libc_nano.a(lib_a-memcpy-stub.o)
                              d:/programs/atollic/truestudio for stm32 9.3.0/armtools/bin/../lib/gcc/arm-atollic-eabi/6.3.1/../../../../arm-atollic-eabi/lib/armv7e-m/fpu\libc_nano.a(lib_a-nano-svfprintf.o) (memcpy)
d:/programs/atollic/truestudio for stm32 9.3.0/armtools/bin/../lib/gcc/arm-atollic-eabi/6.3.1/../../../../arm-atollic-eabi/lib/armv7e-m/fpu\libc_nano.a(lib_a-memmove.o)
                              d:/programs/atollic/truestudio for stm32 9.3.0/armtools/bin/../lib/gcc/arm-atollic-eabi/6.3.1/../../../../arm-atollic-eabi/lib/armv7e-m/fpu\libc_nano.a(lib_a-nano-svfprintf.o) (memmove)
d:/programs/atollic/truestudio for stm32 9.3.0/armtools/bin/../lib/gcc/arm-atollic-eabi/6.3.1/../../../../arm-atollic-eabi/lib/armv7e-m/fpu\libc_nano.a(lib_a-nano-freer.o)
                              d:/programs/atollic/truestudio for stm32 9.3.0/armtools/bin/../lib/gcc/arm-atollic-eabi/6.3.1/../../../../arm-atollic-eabi/lib/armv7e-m/fpu\libc_nano.a(lib_a-nano-svfprintf.o) (_free_r)
d:/programs/atollic/truestudio for stm32 9.3.0/armtools/bin/../lib/gcc/arm-atollic-eabi/6.3.1/../../../../arm-atollic-eabi/lib/armv7e-m/fpu\libc_nano.a(lib_a-nano-mallocr.o)
                              d:/programs/atollic/truestudio for stm32 9.3.0/armtools/bin/../lib/gcc/arm-atollic-eabi/6.3.1/../../../../arm-atollic-eabi/lib/armv7e-m/fpu\libc_nano.a(lib_a-nano-svfprintf.o) (_malloc_r)
d:/programs/atollic/truestudio for stm32 9.3.0/armtools/bin/../lib/gcc/arm-atollic-eabi/6.3.1/../../../../arm-atollic-eabi/lib/armv7e-m/fpu\libc_nano.a(lib_a-nano-reallocr.o)
                              d:/programs/atollic/truestudio for stm32 9.3.0/armtools/bin/../lib/gcc/arm-atollic-eabi/6.3.1/../../../../arm-atollic-eabi/lib/armv7e-m/fpu\libc_nano.a(lib_a-nano-svfprintf.o) (_realloc_r)
d:/programs/atollic/truestudio for stm32 9.3.0/armtools/bin/../lib/gcc/arm-atollic-eabi/6.3.1/../../../../arm-atollic-eabi/lib/armv7e-m/fpu\libc_nano.a(lib_a-sbrkr.o)
[...]
Memory Configuration

Name             Origin             Length             Attributes
RAM              0x20000000         0x00020000         xrw
CCMRAM           0x10000000         0x00010000         xrw
FLASH            0x08000000         0x00100000         xr
*default*        0x00000000         0xffffffff

Linker script and memory map

LOAD d:/programs/atollic/truestudio for stm32 9.3.0/armtools/bin/../lib/gcc/arm-atollic-eabi/6.3.1/armv7e-m/fpu/crti.o
LOAD d:/programs/atollic/truestudio for stm32 9.3.0/armtools/bin/../lib/gcc/arm-atollic-eabi/6.3.1/armv7e-m/fpu/crtbegin.o
LOAD Drivers\STM32F4xx_HAL_Driver\Src\stm32f4xx_hal.o
LOAD Drivers\STM32F4xx_HAL_Driver\Src\stm32f4xx_hal_cortex.o
LOAD Drivers\STM32F4xx_HAL_Driver\Src\stm32f4xx_hal_dma.o
LOAD Drivers\STM32F4xx_HAL_Driver\Src\stm32f4xx_hal_dma_ex.o
LOAD Drivers\STM32F4xx_HAL_Driver\Src\stm32f4xx_hal_exti.o
LOAD Drivers\STM32F4xx_HAL_Driver\Src\stm32f4xx_hal_flash.o
LOAD Drivers\STM32F4xx_HAL_Driver\Src\stm32f4xx_hal_flash_ex.o
LOAD Drivers\STM32F4xx_HAL_Driver\Src\stm32f4xx_hal_flash_ramfunc.o
LOAD Drivers\STM32F4xx_HAL_Driver\Src\stm32f4xx_hal_gpio.o
LOAD Drivers\STM32F4xx_HAL_Driver\Src\stm32f4xx_hal_pwr.o
LOAD Drivers\STM32F4xx_HAL_Driver\Src\stm32f4xx_hal_pwr_ex.o
LOAD Drivers\STM32F4xx_HAL_Driver\Src\stm32f4xx_hal_rcc.o
LOAD Drivers\STM32F4xx_HAL_Driver\Src\stm32f4xx_hal_rcc_ex.o
LOAD Drivers\STM32F4xx_HAL_Driver\Src\stm32f4xx_hal_rng.o
LOAD Drivers\STM32F4xx_HAL_Driver\Src\stm32f4xx_hal_sram.o
LOAD Drivers\STM32F4xx_HAL_Driver\Src\stm32f4xx_hal_tim.o
LOAD Drivers\STM32F4xx_HAL_Driver\Src\stm32f4xx_hal_tim_ex.o
LOAD Drivers\STM32F4xx_HAL_Driver\Src\stm32f4xx_hal_uart.o
LOAD Drivers\STM32F4xx_HAL_Driver\Src\stm32f4xx_ll_fsmc.o
LOAD Src\icon.o
LOAD Src\ili9341.o
LOAD Src\main.o
LOAD Src\stm32f4xx_hal_msp.o
LOAD Src\stm32f4xx_it.o
LOAD Src\syscalls.o
LOAD Src\system_stm32f4xx.o
LOAD Src\tetris.o
LOAD startup\startup_stm32f407xx.o
                0x00000080                malloc_getpagesize_P = 0x80
START GROUP
LOAD d:/programs/atollic/truestudio for stm32 9.3.0/armtools/bin/../lib/gcc/arm-atollic-eabi/6.3.1/../../../../arm-atollic-eabi/lib/armv7e-m/fpu\libc_nano.a
LOAD d:/programs/atollic/truestudio for stm32 9.3.0/armtools/bin/../lib/gcc/arm-atollic-eabi/6.3.1/../../../../arm-atollic-eabi/lib/armv7e-m/fpu\libm.a
END GROUP
START GROUP
LOAD d:/programs/atollic/truestudio for stm32 9.3.0/armtools/bin/../lib/gcc/arm-atollic-eabi/6.3.1/armv7e-m/fpu\libgcc.a
LOAD d:/programs/atollic/truestudio for stm32 9.3.0/armtools/bin/../lib/gcc/arm-atollic-eabi/6.3.1/../../../../arm-atollic-eabi/lib/armv7e-m/fpu\libc_nano.a
END GROUP
START GROUP
LOAD d:/programs/atollic/truestudio for stm32 9.3.0/armtools/bin/../lib/gcc/arm-atollic-eabi/6.3.1/armv7e-m/fpu\libgcc.a
LOAD d:/programs/atollic/truestudio for stm32 9.3.0/armtools/bin/../lib/gcc/arm-atollic-eabi/6.3.1/../../../../arm-atollic-eabi/lib/armv7e-m/fpu\libc_nano.a
LOAD d:/programs/atollic/truestudio for stm32 9.3.0/armtools/bin/../lib/gcc/arm-atollic-eabi/6.3.1/../../../../arm-atollic-eabi/lib/armv7e-m/fpu\libnosys.a
END GROUP
START GROUP
LOAD d:/programs/atollic/truestudio for stm32 9.3.0/armtools/bin/../lib/gcc/arm-atollic-eabi/6.3.1/armv7e-m/fpu\libgcc.a
LOAD d:/programs/atollic/truestudio for stm32 9.3.0/armtools/bin/../lib/gcc/arm-atollic-eabi/6.3.1/../../../../arm-atollic-eabi/lib/armv7e-m/fpu\libc_nano.a
LOAD d:/programs/atollic/truestudio for stm32 9.3.0/armtools/bin/../lib/gcc/arm-atollic-eabi/6.3.1/../../../../arm-atollic-eabi/lib/armv7e-m/fpu\libnosys.a
END GROUP
LOAD d:/programs/atollic/truestudio for stm32 9.3.0/armtools/bin/../lib/gcc/arm-atollic-eabi/6.3.1/armv7e-m/fpu/crtend.o
LOAD d:/programs/atollic/truestudio for stm32 9.3.0/armtools/bin/../lib/gcc/arm-atollic-eabi/6.3.1/armv7e-m/fpu/crtn.o
                0x20020000                _estack = 0x20020000
                0x00000200                _Min_Heap_Size = 0x200
                0x00000400                _Min_Stack_Size = 0x400

.isr_vector     0x08000000      0x188
                0x08000000                . = ALIGN (0x4)
 *(.isr_vector)
 .isr_vector    0x08000000      0x188 startup\startup_stm32f407xx.o
                0x08000000                g_pfnVectors
                0x08000188                . = ALIGN (0x4)

.text           0x08000190     0x2fb0
                0x08000190                . = ALIGN (0x4)
 *(.text)
 .text          0x08000190       0x40 d:/programs/atollic/truestudio for stm32 9.3.0/armtools/bin/../lib/gcc/arm-atollic-eabi/6.3.1/armv7e-m/fpu/crtbegin.o
 .text          0x080001d0       0x10 d:/programs/atollic/truestudio for stm32 9.3.0/armtools/bin/../lib/gcc/arm-atollic-eabi/6.3.1/../../../../arm-atollic-eabi/lib/armv7e-m/fpu\libc_nano.a(lib_a-strlen.o)
                0x080001d0                strlen
 .text          0x080001e0       0xa0 d:/programs/atollic/truestudio for stm32 9.3.0/armtools/bin/../lib/gcc/arm-atollic-eabi/6.3.1/../../../../arm-atollic-eabi/lib/armv7e-m/fpu\libc_nano.a(lib_a-memchr.o)
                0x080001e0                memchr
 .text          0x08000280       0x30 d:/programs/atollic/truestudio for stm32 9.3.0/armtools/bin/../lib/gcc/arm-atollic-eabi/6.3.1/armv7e-m/fpu\libgcc.a(_aeabi_uldivmod.o)
                0x08000280                __aeabi_uldivmod
 .text          0x080002b0      0x2dc d:/programs/atollic/truestudio for stm32 9.3.0/armtools/bin/../lib/gcc/arm-atollic-eabi/6.3.1/armv7e-m/fpu\libgcc.a(_udivmoddi4.o)
                0x080002b0                __udivmoddi4
 .text          0x0800058c        0x4 d:/programs/atollic/truestudio for stm32 9.3.0/armtools/bin/../lib/gcc/arm-atollic-eabi/6.3.1/armv7e-m/fpu\libgcc.a(_dvmd_tls.o)
                0x0800058c                __aeabi_idiv0
                0x0800058c                __aeabi_ldiv0
 *(.text*)
 .text.HAL_InitTick
                0x08000590       0x48 Drivers\STM32F4xx_HAL_Driver\Src\stm32f4xx_hal.o
                0x08000590                HAL_InitTick
 .text.HAL_Init
                0x080005d8       0x34 Drivers\STM32F4xx_HAL_Driver\Src\stm32f4xx_hal.o
                0x080005d8                HAL_Init
 .text.HAL_IncTick
                0x0800060c       0x18 Drivers\STM32F4xx_HAL_Driver\Src\stm32f4xx_hal.o
                0x0800060c                HAL_IncTick
 .text.HAL_GetTick
                0x08000624        0xc Drivers\STM32F4xx_HAL_Driver\Src\stm32f4xx_hal.o
                0x08000624                HAL_GetTick
 .text.HAL_Delay
                0x08000630       0x28 Drivers\STM32F4xx_HAL_Driver\Src\stm32f4xx_hal.o
                0x08000630                HAL_Delay
 .text.HAL_NVIC_SetPriorityGrouping
                0x08000658       0x24 Drivers\STM32F4xx_HAL_Driver\Src\stm32f4xx_hal_cortex.o
                0x08000658                HAL_NVIC_SetPriorityGrouping
 .text.HAL_NVIC_SetPriority
                0x0800067c       0x68 Drivers\STM32F4xx_HAL_Driver\Src\stm32f4xx_hal_cortex.o
                0x0800067c                HAL_NVIC_SetPriority
 .text.HAL_NVIC_EnableIRQ
                0x080006e4       0x1c Drivers\STM32F4xx_HAL_Driver\Src\stm32f4xx_hal_cortex.o
                0x080006e4                HAL_NVIC_EnableIRQ
 .text.HAL_SYSTICK_Config
                0x08000700       0x2c Drivers\STM32F4xx_HAL_Driver\Src\stm32f4xx_hal_cortex.o
                0x08000700                HAL_SYSTICK_Config
 .text.HAL_GPIO_Init
                0x0800072c      0x1c0 Drivers\STM32F4xx_HAL_Driver\Src\stm32f4xx_hal_gpio.o
                0x0800072c                HAL_GPIO_Init
 .text.HAL_GPIO_ReadPin
                0x080008ec        0xc Drivers\STM32F4xx_HAL_Driver\Src\stm32f4xx_hal_gpio.o
                0x080008ec                HAL_GPIO_ReadPin
 .text.HAL_GPIO_WritePin
                0x080008f8        0xa Drivers\STM32F4xx_HAL_Driver\Src\stm32f4xx_hal_gpio.o
                0x080008f8                HAL_GPIO_WritePin
 *fill*         0x08000902        0x2 
 .text.HAL_RCC_OscConfig
                0x08000904      0x34c Drivers\STM32F4xx_HAL_Driver\Src\stm32f4xx_hal_rcc.o
                0x08000904                HAL_RCC_OscConfig
 .text.HAL_RCC_GetSysClockFreq
                0x08000c50       0x5c Drivers\STM32F4xx_HAL_Driver\Src\stm32f4xx_hal_rcc.o
                0x08000c50                HAL_RCC_GetSysClockFreq
 .text.HAL_RCC_ClockConfig
                0x08000cac      0x138 Drivers\STM32F4xx_HAL_Driver\Src\stm32f4xx_hal_rcc.o
                0x08000cac                HAL_RCC_ClockConfig
 .text.HAL_RCC_GetPCLK1Freq
                0x08000de4       0x20 Drivers\STM32F4xx_HAL_Driver\Src\stm32f4xx_hal_rcc.o
                0x08000de4                HAL_RCC_GetPCLK1Freq
 .text.HAL_RCC_GetPCLK2Freq
                0x08000e04       0x20 Drivers\STM32F4xx_HAL_Driver\Src\stm32f4xx_hal_rcc.o
                0x08000e04                HAL_RCC_GetPCLK2Freq
 .text.HAL_RNG_Init
                0x08000e24       0x30 Drivers\STM32F4xx_HAL_Driver\Src\stm32f4xx_hal_rng.o
                0x08000e24                HAL_RNG_Init
 .text.HAL_RNG_GenerateRandomNumber
                0x08000e54       0x5c Drivers\STM32F4xx_HAL_Driver\Src\stm32f4xx_hal_rng.o
                0x08000e54                HAL_RNG_GenerateRandomNumber
 .text.HAL_RNG_GetRandomNumber
                0x08000eb0       0x16 Drivers\STM32F4xx_HAL_Driver\Src\stm32f4xx_hal_rng.o
                0x08000eb0                HAL_RNG_GetRandomNumber
 .text.HAL_RNG_ReadyDataCallback
                0x08000ec6        0x2 Drivers\STM32F4xx_HAL_Driver\Src\stm32f4xx_hal_rng.o
                0x08000ec6                HAL_RNG_ReadyDataCallback
 .text.HAL_RNG_ErrorCallback
                0x08000ec8        0x2 Drivers\STM32F4xx_HAL_Driver\Src\stm32f4xx_hal_rng.o
                0x08000ec8                HAL_RNG_ErrorCallback
 .text.HAL_RNG_IRQHandler
                0x08000eca       0x58 Drivers\STM32F4xx_HAL_Driver\Src\stm32f4xx_hal_rng.o
                0x08000eca                HAL_RNG_IRQHandler
 .text.HAL_SRAM_Init
                0x08000f22       0x54 Drivers\STM32F4xx_HAL_Driver\Src\stm32f4xx_hal_sram.o
                0x08000f22                HAL_SRAM_Init
 .text.HAL_TIM_Base_Start_IT
                0x08000f76       0x20 Drivers\STM32F4xx_HAL_Driver\Src\stm32f4xx_hal_tim.o
                0x08000f76                HAL_TIM_Base_Start_IT
 .text.HAL_TIM_Base_Stop_IT
                0x08000f96       0x2a Drivers\STM32F4xx_HAL_Driver\Src\stm32f4xx_hal_tim.o
                0x08000f96                HAL_TIM_Base_Stop_IT
 .text.HAL_TIM_OC_DelayElapsedCallback
                0x08000fc0        0x2 Drivers\STM32F4xx_HAL_Driver\Src\stm32f4xx_hal_tim.o
                0x08000fc0                HAL_TIM_OC_DelayElapsedCallback
 .text.HAL_TIM_IC_CaptureCallback
                0x08000fc2        0x2 Drivers\STM32F4xx_HAL_Driver\Src\stm32f4xx_hal_tim.o
                0x08000fc2                HAL_TIM_IC_CaptureCallback
 .text.HAL_TIM_PWM_PulseFinishedCallback
                0x08000fc4        0x2 Drivers\STM32F4xx_HAL_Driver\Src\stm32f4xx_hal_tim.o
                0x08000fc4                HAL_TIM_PWM_PulseFinishedCallback
 .text.HAL_TIM_TriggerCallback
                0x08000fc6        0x2 Drivers\STM32F4xx_HAL_Driver\Src\stm32f4xx_hal_tim.o
                0x08000fc6                HAL_TIM_TriggerCallback
 .text.HAL_TIM_IRQHandler
                0x08000fc8      0x144 Drivers\STM32F4xx_HAL_Driver\Src\stm32f4xx_hal_tim.o
                0x08000fc8                HAL_TIM_IRQHandler
 .text.TIM_Base_SetConfig
                0x0800110c       0xcc Drivers\STM32F4xx_HAL_Driver\Src\stm32f4xx_hal_tim.o
                0x0800110c                TIM_Base_SetConfig
 .text.HAL_TIM_Base_Init
                0x080011d8       0x34 Drivers\STM32F4xx_HAL_Driver\Src\stm32f4xx_hal_tim.o
                0x080011d8                HAL_TIM_Base_Init
 .text.TIM_ETR_SetConfig
                0x0800120c       0x14 Drivers\STM32F4xx_HAL_Driver\Src\stm32f4xx_hal_tim.o
                0x0800120c                TIM_ETR_SetConfig
 .text.HAL_TIM_ConfigClockSource
                0x08001220      0x128 Drivers\STM32F4xx_HAL_Driver\Src\stm32f4xx_hal_tim.o
                0x08001220                HAL_TIM_ConfigClockSource
 .text.HAL_TIMEx_MasterConfigSynchronization
                0x08001348       0x84 Drivers\STM32F4xx_HAL_Driver\Src\stm32f4xx_hal_tim_ex.o
                0x08001348                HAL_TIMEx_MasterConfigSynchronization
 .text.HAL_TIMEx_CommutCallback
                0x080013cc        0x2 Drivers\STM32F4xx_HAL_Driver\Src\stm32f4xx_hal_tim_ex.o
                0x080013cc                HAL_TIMEx_CommutCallback
 .text.HAL_TIMEx_BreakCallback
                0x080013ce        0x2 Drivers\STM32F4xx_HAL_Driver\Src\stm32f4xx_hal_tim_ex.o
                0x080013ce                HAL_TIMEx_BreakCallback
 .text.UART_SetConfig
                0x080013d0       0xdc Drivers\STM32F4xx_HAL_Driver\Src\stm32f4xx_hal_uart.o
 .text.UART_WaitOnFlagUntilTimeout.constprop.3
                0x080014ac       0x50 Drivers\STM32F4xx_HAL_Driver\Src\stm32f4xx_hal_uart.o
 .text.HAL_UART_Init
                0x080014fc       0x5c Drivers\STM32F4xx_HAL_Driver\Src\stm32f4xx_hal_uart.o
                0x080014fc                HAL_UART_Init
 .text.HAL_UART_Transmit
                0x08001558       0xbe Drivers\STM32F4xx_HAL_Driver\Src\stm32f4xx_hal_uart.o
                0x08001558                HAL_UART_Transmit
 *fill*         0x08001616        0x2 
 .text.FSMC_NORSRAM_Init
                0x08001618       0x58 Drivers\STM32F4xx_HAL_Driver\Src\stm32f4xx_ll_fsmc.o
                0x08001618                FSMC_NORSRAM_Init
 .text.FSMC_NORSRAM_Timing_Init
                0x08001670       0x3c Drivers\STM32F4xx_HAL_Driver\Src\stm32f4xx_ll_fsmc.o
                0x08001670                FSMC_NORSRAM_Timing_Init
 .text.FSMC_NORSRAM_Extended_Timing_Init
                0x080016ac       0x3c Drivers\STM32F4xx_HAL_Driver\Src\stm32f4xx_ll_fsmc.o
                0x080016ac                FSMC_NORSRAM_Extended_Timing_Init
 .text.DelayMicro
                0x080016e8       0x2c Src\ili9341.o
 .text.ILI9341_ReadReg
                0x08001714       0x58 Src\ili9341.o
                0x08001714                ILI9341_ReadReg
 .text.ILI9341_reset
                0x0800176c       0x38 Src\ili9341.o
                0x0800176c                ILI9341_reset
 .text.ILI9341_Init
                0x080017a4       0x40 Src\ili9341.o
                0x080017a4                ILI9341_Init
 .text.ILI9341_Configuration
                0x080017e4       0xe8 Src\ili9341.o
                0x080017e4                ILI9341_Configuration
 .text.ILI9341_SetCursorPosition
                0x080018cc       0x3c Src\ili9341.o
                0x080018cc                ILI9341_SetCursorPosition
 .text.ILI9341_DrawPixel
                0x08001908       0x1c Src\ili9341.o
                0x08001908                ILI9341_DrawPixel
 .text.ILI9341_Fill
                0x08001924       0x48 Src\ili9341.o
                0x08001924                ILI9341_Fill
 .text.ILI9341_setRotation
                0x0800196c       0x50 Src\ili9341.o
                0x0800196c                ILI9341_setRotation
 .text.ILI9341_Fill_Rect
                0x080019bc       0x3c Src\ili9341.o
                0x080019bc                ILI9341_Fill_Rect
 .text.ILI9341_drawChar
                0x080019f8       0xac Src\ili9341.o
                0x080019f8                ILI9341_drawChar
 .text.ILI9341_printText
                0x08001aa4       0x44 Src\ili9341.o
                0x08001aa4                ILI9341_printText
 .text.ILI9341_printImage
                0x08001ae8       0x2c Src\ili9341.o
                0x08001ae8                ILI9341_printImage
 .text.SystemClock_Config
                0x08001b14       0x98 Src\main.o
                0x08001b14                SystemClock_Config
 .text.startup.main
                0x08001bac      0x184 Src\main.o
                0x08001bac                main
 .text.HAL_MspInit
                0x08001d30       0x38 Src\stm32f4xx_hal_msp.o
                0x08001d30                HAL_MspInit
 .text.HAL_RNG_MspInit
                0x08001d68       0x40 Src\stm32f4xx_hal_msp.o
                0x08001d68                HAL_RNG_MspInit
 .text.HAL_TIM_Base_MspInit
                0x08001da8       0x38 Src\stm32f4xx_hal_msp.o
                0x08001da8                HAL_TIM_Base_MspInit
 .text.HAL_UART_MspInit
                0x08001de0       0x6c Src\stm32f4xx_hal_msp.o
                0x08001de0                HAL_UART_MspInit
 .text.HAL_SRAM_MspInit
                0x08001e4c       0x74 Src\stm32f4xx_hal_msp.o
                0x08001e4c                HAL_SRAM_MspInit
 .text.NMI_Handler
                0x08001ec0        0x2 Src\stm32f4xx_it.o
                0x08001ec0                NMI_Handler
 .text.HardFault_Handler
                0x08001ec2        0x2 Src\stm32f4xx_it.o
                0x08001ec2                HardFault_Handler
 .text.MemManage_Handler
                0x08001ec4        0x2 Src\stm32f4xx_it.o
                0x08001ec4                MemManage_Handler
 .text.BusFault_Handler
                0x08001ec6        0x2 Src\stm32f4xx_it.o
                0x08001ec6                BusFault_Handler
 .text.UsageFault_Handler
                0x08001ec8        0x2 Src\stm32f4xx_it.o
                0x08001ec8                UsageFault_Handler
 .text.SVC_Handler
                0x08001eca        0x2 Src\stm32f4xx_it.o
                0x08001eca                SVC_Handler
 .text.DebugMon_Handler
                0x08001ecc        0x2 Src\stm32f4xx_it.o
                0x08001ecc                DebugMon_Handler
 .text.PendSV_Handler
                0x08001ece        0x2 Src\stm32f4xx_it.o
                0x08001ece                PendSV_Handler
 .text.SysTick_Handler
                0x08001ed0        0x4 Src\stm32f4xx_it.o
                0x08001ed0                SysTick_Handler
 .text.TIM2_IRQHandler
                0x08001ed4        0xc Src\stm32f4xx_it.o
                0x08001ed4                TIM2_IRQHandler
 .text.HASH_RNG_IRQHandler
                0x08001ee0        0xc Src\stm32f4xx_it.o
                0x08001ee0                HASH_RNG_IRQHandler
 .text._sbrk    0x08001eec       0x34 Src\syscalls.o
                0x08001eec                _sbrk
 .text.SystemInit
                0x08001f20       0x1c Src\system_stm32f4xx.o
                0x08001f20                SystemInit
 .text.setHoldShape
                0x08001f3c       0x18 Src\tetris.o
                0x08001f3c                setHoldShape
 .text.setShape
                0x08001f54       0x20 Src\tetris.o
                0x08001f54                setShape
 .text.newShape
                0x08001f74       0x74 Src\tetris.o
                0x08001f74                newShape
 .text.drawPart
                0x08001fe8       0x3a Src\tetris.o
                0x08001fe8                drawPart
 .text.getBlockCoordinateX
                0x08002022       0x10 Src\tetris.o
                0x08002022                getBlockCoordinateX
 .text.getBlockCoordinatY
                0x08002032       0x14 Src\tetris.o
                0x08002032                getBlockCoordinatY
 *fill*         0x08002046        0x2 
 .text.setArea  0x08002048       0x18 Src\tetris.o
                0x08002048                setArea
 .text.drawShape
                0x08002060       0x64 Src\tetris.o
                0x08002060                drawShape
 .text.updateCount
                0x080020c4       0x54 Src\tetris.o
                0x080020c4                updateCount
 .text.getRandomShape
                0x08002118       0xa4 Src\tetris.o
                0x08002118                getRandomShape
 .text.updateScore
                0x080021bc       0x54 Src\tetris.o
                0x080021bc                updateScore
 .text.updateRightScreen
                0x08002210       0x4c Src\tetris.o
                0x08002210                updateRightScreen
 .text.gameRightArea
                0x0800225c       0xf4 Src\tetris.o
                0x0800225c                gameRightArea
 .text.createGameArea
                0x08002350       0x8c Src\tetris.o
                0x08002350                createGameArea
 .text.animation
                0x080023dc       0x6c Src\tetris.o
                0x080023dc                animation
 .text.initLCD  0x08002448       0x22 Src\tetris.o
                0x08002448                initLCD
 *fill*         0x0800246a        0x2 
 .text.wallControl
                0x0800246c       0x48 Src\tetris.o
                0x0800246c                wallControl
 .text.xControl
                0x080024b4       0x58 Src\tetris.o
                0x080024b4                xControl
 .text.bottomControl
                0x0800250c       0x4c Src\tetris.o
                0x0800250c                bottomControl
 .text.controlRow
                0x08002558       0x24 Src\tetris.o
                0x08002558                controlRow
 .text.dropShapes
                0x0800257c       0x68 Src\tetris.o
                0x0800257c                dropShapes
 .text.isOk     0x080025e4       0x44 Src\tetris.o
                0x080025e4                isOk
 .text.buttonControl
                0x08002628       0xec Src\tetris.o
                0x08002628                buttonControl
 .text.HAL_TIM_PeriodElapsedCallback
                0x08002714       0xcc Src\tetris.o
                0x08002714                HAL_TIM_PeriodElapsedCallback
 .text.tetrisGame
                0x080027e0       0x54 Src\tetris.o
                0x080027e0                tetrisGame
 .text.Reset_Handler
                0x08002834       0x50 startup\startup_stm32f407xx.o
                0x08002834                Reset_Handler
 .text.Default_Handler
                0x08002884        0x2 startup\startup_stm32f407xx.o
                0x08002884                RTC_Alarm_IRQHandler
                0x08002884                EXTI2_IRQHandler
                0x08002884                TIM8_CC_IRQHandler
                0x08002884                TIM1_CC_IRQHandler
                0x08002884                DMA2_Stream5_IRQHandler
                0x08002884                DMA1_Stream5_IRQHandler
                0x08002884                PVD_IRQHandler
                0x08002884                SDIO_IRQHandler
                0x08002884                TAMP_STAMP_IRQHandler
                0x08002884                CAN2_RX1_IRQHandler
                0x08002884                EXTI3_IRQHandler
                0x08002884                TIM8_TRG_COM_TIM14_IRQHandler
                0x08002884                TIM1_UP_TIM10_IRQHandler
                0x08002884                TIM8_UP_TIM13_IRQHandler
                0x08002884                I2C3_ER_IRQHandler
                0x08002884                EXTI0_IRQHandler
                0x08002884                I2C2_EV_IRQHandler
                0x08002884                DMA1_Stream2_IRQHandler
                0x08002884                CAN1_RX0_IRQHandler
                0x08002884                FPU_IRQHandler
                0x08002884                OTG_HS_WKUP_IRQHandler
                0x08002884                CAN2_SCE_IRQHandler
                0x08002884                DMA2_Stream2_IRQHandler
                0x08002884                SPI1_IRQHandler
                0x08002884                TIM6_DAC_IRQHandler
                0x08002884                TIM1_BRK_TIM9_IRQHandler
                0x08002884                DCMI_IRQHandler
                0x08002884                CAN2_RX0_IRQHandler
                0x08002884                DMA2_Stream3_IRQHandler
                0x08002884                USART6_IRQHandler
                0x08002884                USART3_IRQHandler
                0x08002884                CAN1_RX1_IRQHandler
                0x08002884                UART5_IRQHandler
                0x08002884                DMA2_Stream0_IRQHandler
                0x08002884                TIM4_IRQHandler
                0x08002884                I2C1_EV_IRQHandler
                0x08002884                DMA1_Stream6_IRQHandler
                0x08002884                DMA1_Stream1_IRQHandler
                0x08002884                UART4_IRQHandler
                0x08002884                TIM3_IRQHandler
                0x08002884                RCC_IRQHandler
                0x08002884                TIM8_BRK_TIM12_IRQHandler
                0x08002884                Default_Handler
                0x08002884                EXTI15_10_IRQHandler
                0x08002884                ADC_IRQHandler
                0x08002884                DMA1_Stream7_IRQHandler
                0x08002884                TIM7_IRQHandler
                0x08002884                CAN2_TX_IRQHandler
                0x08002884                TIM5_IRQHandler
                0x08002884                DMA2_Stream7_IRQHandler
                0x08002884                I2C3_EV_IRQHandler
                0x08002884                EXTI9_5_IRQHandler
                0x08002884                RTC_WKUP_IRQHandler
                0x08002884                ETH_WKUP_IRQHandler
                0x08002884                SPI2_IRQHandler
                0x08002884                OTG_HS_EP1_IN_IRQHandler
                0x08002884                DMA1_Stream0_IRQHandler
                0x08002884                CAN1_TX_IRQHandler
                0x08002884                EXTI4_IRQHandler
                0x08002884                FSMC_IRQHandler
                0x08002884                ETH_IRQHandler
                0x08002884                OTG_HS_EP1_OUT_IRQHandler
                0x08002884                WWDG_IRQHandler
                0x08002884                OTG_FS_WKUP_IRQHandler
                0x08002884                TIM1_TRG_COM_TIM11_IRQHandler
                0x08002884                OTG_HS_IRQHandler
                0x08002884                EXTI1_IRQHandler
                0x08002884                USART2_IRQHandler
                0x08002884                I2C2_ER_IRQHandler
                0x08002884                DMA2_Stream1_IRQHandler
                0x08002884                CAN1_SCE_IRQHandler
                0x08002884                FLASH_IRQHandler
                0x08002884                DMA2_Stream4_IRQHandler
                0x08002884                USART1_IRQHandler
                0x08002884                OTG_FS_IRQHandler
                0x08002884                SPI3_IRQHandler
                0x08002884                DMA1_Stream4_IRQHandler
                0x08002884                I2C1_ER_IRQHandler
                0x08002884                DMA2_Stream6_IRQHandler
                0x08002884                DMA1_Stream3_IRQHandler
 *fill*         0x08002886        0x2 
 .text.__errno  0x08002888        0xc d:/programs/atollic/truestudio for stm32 9.3.0/armtools/bin/../lib/gcc/arm-atollic-eabi/6.3.1/../../../../arm-atollic-eabi/lib/armv7e-m/fpu\libc_nano.a(lib_a-errno.o)
                0x08002888                __errno
 .text.__libc_init_array
                0x08002894       0x48 d:/programs/atollic/truestudio for stm32 9.3.0/armtools/bin/../lib/gcc/arm-atollic-eabi/6.3.1/../../../../arm-atollic-eabi/lib/armv7e-m/fpu\libc_nano.a(lib_a-init.o)
                0x08002894                __libc_init_array
 .text.memset   0x080028dc       0x10 d:/programs/atollic/truestudio for stm32 9.3.0/armtools/bin/../lib/gcc/arm-atollic-eabi/6.3.1/../../../../arm-atollic-eabi/lib/armv7e-m/fpu\libc_nano.a(lib_a-memset.o)
                0x080028dc                memset
 .text.sprintf  0x080028ec       0x48 d:/programs/atollic/truestudio for stm32 9.3.0/armtools/bin/../lib/gcc/arm-atollic-eabi/6.3.1/../../../../arm-atollic-eabi/lib/armv7e-m/fpu\libc_nano.a(lib_a-sprintf.o)
                0x080028ec                siprintf
                0x080028ec                sprintf
 .text.__ssputs_r
                0x08002934       0xb6 d:/programs/atollic/truestudio for stm32 9.3.0/armtools/bin/../lib/gcc/arm-atollic-eabi/6.3.1/../../../../arm-atollic-eabi/lib/armv7e-m/fpu\libc_nano.a(lib_a-nano-svfprintf.o)
                0x08002934                __ssputs_r
 *fill*         0x080029ea        0x2 
 .text._svfprintf_r
                0x080029ec      0x1e8 d:/programs/atollic/truestudio for stm32 9.3.0/armtools/bin/../lib/gcc/arm-atollic-eabi/6.3.1/../../../../arm-atollic-eabi/lib/armv7e-m/fpu\libc_nano.a(lib_a-nano-svfprintf.o)
                0x080029ec                _svfiprintf_r
                0x080029ec                _svfprintf_r
 .text._printf_common
                0x08002bd4       0xec d:/programs/atollic/truestudio for stm32 9.3.0/armtools/bin/../lib/gcc/arm-atollic-eabi/6.3.1/../../../../arm-atollic-eabi/lib/armv7e-m/fpu\libc_nano.a(lib_a-nano-vfprintf_i.o)
                0x08002bd4                _printf_common
 .text._printf_i
                0x08002cc0      0x240 d:/programs/atollic/truestudio for stm32 9.3.0/armtools/bin/../lib/gcc/arm-atollic-eabi/6.3.1/../../../../arm-atollic-eabi/lib/armv7e-m/fpu\libc_nano.a(lib_a-nano-vfprintf_i.o)
                0x08002cc0                _printf_i
 .text.memcpy   0x08002f00       0x16 d:/programs/atollic/truestudio for stm32 9.3.0/armtools/bin/../lib/gcc/arm-atollic-eabi/6.3.1/../../../../arm-atollic-eabi/lib/armv7e-m/fpu\libc_nano.a(lib_a-memcpy-stub.o)
                0x08002f00                memcpy
 .text.memmove  0x08002f16       0x34 d:/programs/atollic/truestudio for stm32 9.3.0/armtools/bin/../lib/gcc/arm-atollic-eabi/6.3.1/../../../../arm-atollic-eabi/lib/armv7e-m/fpu\libc_nano.a(lib_a-memmove.o)
                0x08002f16                memmove
 *fill*         0x08002f4a        0x2 
 .text._free_r  0x08002f4c       0x9c d:/programs/atollic/truestudio for stm32 9.3.0/armtools/bin/../lib/gcc/arm-atollic-eabi/6.3.1/../../../../arm-atollic-eabi/lib/armv7e-m/fpu\libc_nano.a(lib_a-nano-freer.o)
                0x08002f4c                _free_r
 .text._malloc_r
                0x08002fe8       0xbc d:/programs/atollic/truestudio for stm32 9.3.0/armtools/bin/../lib/gcc/arm-atollic-eabi/6.3.1/../../../../arm-atollic-eabi/lib/armv7e-m/fpu\libc_nano.a(lib_a-nano-mallocr.o)
                0x08002fe8                _malloc_r
 .text._realloc_r
                0x080030a4       0x4c d:/programs/atollic/truestudio for stm32 9.3.0/armtools/bin/../lib/gcc/arm-atollic-eabi/6.3.1/../../../../arm-atollic-eabi/lib/armv7e-m/fpu\libc_nano.a(lib_a-nano-reallocr.o)
                0x080030a4                _realloc_r
 .text._sbrk_r  0x080030f0       0x20 d:/programs/atollic/truestudio for stm32 9.3.0/armtools/bin/../lib/gcc/arm-atollic-eabi/6.3.1/../../../../arm-atollic-eabi/lib/armv7e-m/fpu\libc_nano.a(lib_a-sbrkr.o)
                0x080030f0                _sbrk_r
 .text.__malloc_lock
                0x08003110        0x2 d:/programs/atollic/truestudio for stm32 9.3.0/armtools/bin/../lib/gcc/arm-atollic-eabi/6.3.1/../../../../arm-atollic-eabi/lib/armv7e-m/fpu\libc_nano.a(lib_a-mlock.o)
                0x08003110                __malloc_lock
 .text.__malloc_unlock
                0x08003112        0x2 d:/programs/atollic/truestudio for stm32 9.3.0/armtools/bin/../lib/gcc/arm-atollic-eabi/6.3.1/../../../../arm-atollic-eabi/lib/armv7e-m/fpu\libc_nano.a(lib_a-mlock.o)
                0x08003112                __malloc_unlock
 .text._malloc_usable_size_r
                0x08003114       0x12 d:/programs/atollic/truestudio for stm32 9.3.0/armtools/bin/../lib/gcc/arm-atollic-eabi/6.3.1/../../../../arm-atollic-eabi/lib/armv7e-m/fpu\libc_nano.a(lib_a-nano-msizer.o)
                0x08003114                _malloc_usable_size_r
 *(.glue_7)
 .glue_7        0x08003126        0x0 linker stubs
 *(.glue_7t)
 .glue_7t       0x08003126        0x0 linker stubs
 *(.eh_frame)
 *fill*         0x08003126        0x2 
 .eh_frame      0x08003128        0x0 d:/programs/atollic/truestudio for stm32 9.3.0/armtools/bin/../lib/gcc/arm-atollic-eabi/6.3.1/armv7e-m/fpu/crtbegin.o
 *(.init)
 .init          0x08003128        0x4 d:/programs/atollic/truestudio for stm32 9.3.0/armtools/bin/../lib/gcc/arm-atollic-eabi/6.3.1/armv7e-m/fpu/crti.o
                0x08003128                _init
 .init          0x0800312c        0x8 d:/programs/atollic/truestudio for stm32 9.3.0/armtools/bin/../lib/gcc/arm-atollic-eabi/6.3.1/armv7e-m/fpu/crtn.o
 *(.fini)
 .fini          0x08003134        0x4 d:/programs/atollic/truestudio for stm32 9.3.0/armtools/bin/../lib/gcc/arm-atollic-eabi/6.3.1/armv7e-m/fpu/crti.o
                0x08003134                _fini
 .fini          0x08003138        0x8 d:/programs/atollic/truestudio for stm32 9.3.0/armtools/bin/../lib/gcc/arm-atollic-eabi/6.3.1/armv7e-m/fpu/crtn.o
                0x08003140                . = ALIGN (0x4)
                0x08003140                _etext = .

.vfp11_veneer   0x08003140        0x0
 .vfp11_veneer  0x08003140        0x0 linker stubs

.v4_bx          0x08003140        0x0
 .v4_bx         0x08003140        0x0 linker stubs

.iplt           0x08003140        0x0
 .iplt          0x08003140        0x0 d:/programs/atollic/truestudio for stm32 9.3.0/armtools/bin/../lib/gcc/arm-atollic-eabi/6.3.1/armv7e-m/fpu/crtbegin.o

.rodata         0x08003140      0xdec
                0x08003140                . = ALIGN (0x4)
 *(.rodata)
 .rodata        0x08003140        0xb Src\tetris.o
 *(.rodata*)
 .rodata.ILI9341_Init.str1.1
                0x0800314b        0x8 Src\ili9341.o
 *fill*         0x08003153        0x1 
 .rodata.TM_Font11x18
                0x08003154      0xd5c Src\ili9341.o
 .rodata.AHBPrescTable
                0x08003eb0       0x10 Src\system_stm32f4xx.o
                0x08003eb0                AHBPrescTable
 .rodata.APBPrescTable
                0x08003ec0        0x8 Src\system_stm32f4xx.o
                0x08003ec0                APBPrescTable
 .rodata.HAL_TIM_PeriodElapsedCallback.str1.1
                0x08003ec8        0x9 Src\tetris.o
 .rodata.animation.str1.1
                0x08003ed1        0x9 Src\tetris.o
 .rodata.gameRightArea.str1.1
                0x08003eda       0x1b Src\tetris.o
 .rodata.updateCount.str1.1
                0x08003ef5        0x3 Src\tetris.o
 .rodata._svfprintf_r.str1.1
                0x08003ef8       0x11 d:/programs/atollic/truestudio for stm32 9.3.0/armtools/bin/../lib/gcc/arm-atollic-eabi/6.3.1/../../../../arm-atollic-eabi/lib/armv7e-m/fpu\libc_nano.a(lib_a-nano-svfprintf.o)
 .rodata._printf_i.str1.1
                0x08003f09       0x22 d:/programs/atollic/truestudio for stm32 9.3.0/armtools/bin/../lib/gcc/arm-atollic-eabi/6.3.1/../../../../arm-atollic-eabi/lib/armv7e-m/fpu\libc_nano.a(lib_a-nano-vfprintf_i.o)
                0x08003f2c                . = ALIGN (0x4)
 *fill*         0x08003f2b        0x1 

.ARM.extab
 *(.ARM.extab* .gnu.linkonce.armextab.*)

.ARM            0x08003f2c        0x8
                0x08003f2c                __exidx_start = .
 *(.ARM.exidx*)
 .ARM.exidx     0x08003f2c        0x8 d:/programs/atollic/truestudio for stm32 9.3.0/armtools/bin/../lib/gcc/arm-atollic-eabi/6.3.1/armv7e-m/fpu\libgcc.a(_udivmoddi4.o)
                0x08003f34                __exidx_end = .

.rel.dyn        0x08003f34        0x0
 .rel.iplt      0x08003f34        0x0 d:/programs/atollic/truestudio for stm32 9.3.0/armtools/bin/../lib/gcc/arm-atollic-eabi/6.3.1/armv7e-m/fpu/crtbegin.o

.preinit_array  0x08003f34        0x0
                0x08003f34                PROVIDE (__preinit_array_start, .)
 *(.preinit_array*)
                0x08003f34                PROVIDE (__preinit_array_end, .)

.init_array     0x08003f34        0x4
                0x08003f34                PROVIDE (__init_array_start, .)
 *(SORT(.init_array.*))
 *(.init_array*)
 .init_array    0x08003f34        0x4 d:/programs/atollic/truestudio for stm32 9.3.0/armtools/bin/../lib/gcc/arm-atollic-eabi/6.3.1/armv7e-m/fpu/crtbegin.o
                0x08003f38                PROVIDE (__init_array_end, .)

.fini_array     0x08003f38        0x4
                [!provide]                PROVIDE (__fini_array_start, .)
 *(SORT(.fini_array.*))
 *(.fini_array*)
 .fini_array    0x08003f38        0x4 d:/programs/atollic/truestudio for stm32 9.3.0/armtools/bin/../lib/gcc/arm-atollic-eabi/6.3.1/armv7e-m/fpu/crtbegin.o
                [!provide]                PROVIDE (__fini_array_end, .)
                0x08003f3c                _sidata = LOADADDR (.data)

.data           0x20000000    0x1c318 load address 0x08003f3c
                0x20000000                . = ALIGN (0x4)
                0x20000000                _sdata = .
 *(.data)
 *(.data*)
 .data.uwTickFreq
                0x20000000        0x1 Drivers\STM32F4xx_HAL_Driver\Src\stm32f4xx_hal.o
                0x20000000                uwTickFreq
 *fill*         0x20000001        0x3 
 .data.uwTickPrio
                0x20000004        0x4 Drivers\STM32F4xx_HAL_Driver\Src\stm32f4xx_hal.o
                0x20000004                uwTickPrio
 .data.rotationNum
                0x20000008        0x1 Src\ili9341.o
                0x20000008                rotationNum
 *fill*         0x20000009        0x3 
 .data.SystemCoreClock
                0x2000000c        0x4 Src\system_stm32f4xx.o
                0x2000000c                SystemCoreClock
 .data.coordinate
                0x20000010        0x2 Src\tetris.o
                0x20000010                coordinate
 .data.imageData
                0x20000012    0x1c200 Src\tetris.o
                0x20000012                imageData
 .data.max_action
                0x2001c212        0x7 Src\tetris.o
                0x2001c212                max_action
 .data.shape_I  0x2001c219       0x10 Src\tetris.o
                0x2001c219                shape_I
 .data.shape_INVERSE_L
                0x2001c229       0x20 Src\tetris.o
                0x2001c229                shape_INVERSE_L
 .data.shape_INVERSE_Z
                0x2001c249       0x10 Src\tetris.o
                0x2001c249                shape_INVERSE_Z
 .data.shape_L  0x2001c259       0x20 Src\tetris.o
                0x2001c259                shape_L
 .data.shape_Rect
                0x2001c279        0x8 Src\tetris.o
                0x2001c279                shape_Rect
 .data.shape_Z  0x2001c281       0x10 Src\tetris.o
                0x2001c281                shape_Z
 .data.shape_k  0x2001c291       0x20 Src\tetris.o
                0x2001c291                shape_k
 *fill*         0x2001c2b1        0x3 
 .data._impure_ptr
                0x2001c2b4        0x4 d:/programs/atollic/truestudio for stm32 9.3.0/armtools/bin/../lib/gcc/arm-atollic-eabi/6.3.1/../../../../arm-atollic-eabi/lib/armv7e-m/fpu\libc_nano.a(lib_a-impure.o)
                0x2001c2b4                _impure_ptr
 .data.impure_data
                0x2001c2b8       0x60 d:/programs/atollic/truestudio for stm32 9.3.0/armtools/bin/../lib/gcc/arm-atollic-eabi/6.3.1/../../../../arm-atollic-eabi/lib/armv7e-m/fpu\libc_nano.a(lib_a-impure.o)
                0x2001c318                . = ALIGN (0x4)
                0x2001c318                _edata = .
                0x08020254                _siccmram = LOADADDR (.ccmram)

.igot.plt       0x2001c318        0x0 load address 0x08020254
 .igot.plt      0x2001c318        0x0 d:/programs/atollic/truestudio for stm32 9.3.0/armtools/bin/../lib/gcc/arm-atollic-eabi/6.3.1/armv7e-m/fpu/crtbegin.o

.ccmram         0x10000000        0x0 load address 0x08020254
                0x10000000                . = ALIGN (0x4)
                0x10000000                _sccmram = .
 *(.ccmram)
 *(.ccmram*)
                0x10000000                . = ALIGN (0x4)
                0x10000000                _eccmram = .
                0x10000000                . = ALIGN (0x4)

.bss            0x2001c318      0x334
                0x2001c318                _sbss = .
                0x2001c318                __bss_start__ = _sbss
 *(.bss)
 .bss           0x2001c318       0x1c d:/programs/atollic/truestudio for stm32 9.3.0/armtools/bin/../lib/gcc/arm-atollic-eabi/6.3.1/armv7e-m/fpu/crtbegin.o
 *(.bss*)
 .bss.FSMC_Initialized
                0x2001c334        0x4 Src\stm32f4xx_hal_msp.o
 .bss.heap_end.7010
                0x2001c338        0x4 Src\syscalls.o
 .bss.count     0x2001c33c        0x4 Src\tetris.o
                0x2001c33c                count
 .bss.defaultEnd
                0x2001c340        0x1 Src\tetris.o
                0x2001c340                defaultEnd
 *fill*         0x2001c341        0x3 
 .bss.lastShape
                0x2001c344        0x4 Src\tetris.o
                0x2001c344                lastShape
 .bss.sayac.9702
                0x2001c348        0x4 Src\tetris.o
 .bss.score     0x2001c34c        0x4 Src\tetris.o
                0x2001c34c                score
 .bss.tutShape.9564
                0x2001c350        0x4 Src\tetris.o
 .bss.tutState.9565
                0x2001c354        0x1 Src\tetris.o
 .bss.tutStateMax.9566
                0x2001c355        0x1 Src\tetris.o
 *fill*         0x2001c356        0x2 
 .bss.__malloc_free_list
                0x2001c358        0x4 d:/programs/atollic/truestudio for stm32 9.3.0/armtools/bin/../lib/gcc/arm-atollic-eabi/6.3.1/../../../../arm-atollic-eabi/lib/armv7e-m/fpu\libc_nano.a(lib_a-nano-mallocr.o)
                0x2001c358                __malloc_free_list
 .bss.__malloc_sbrk_start
                0x2001c35c        0x4 d:/programs/atollic/truestudio for stm32 9.3.0/armtools/bin/../lib/gcc/arm-atollic-eabi/6.3.1/../../../../arm-atollic-eabi/lib/armv7e-m/fpu\libc_nano.a(lib_a-nano-mallocr.o)
                0x2001c35c                __malloc_sbrk_start
 *(COMMON)
 COMMON         0x2001c360        0x4 Drivers\STM32F4xx_HAL_Driver\Src\stm32f4xx_hal.o
                0x2001c360                uwTick
 COMMON         0x2001c364       0xe0 Src\main.o
                0x2001c364                hsram1
                0x2001c3b4                hrng
                0x2001c3c4                htim2
                0x2001c404                huart2
 COMMON         0x2001c444      0x202 Src\tetris.o
                0x2001c444                holdshape
                0x2001c44c                state
                0x2001c44d                shape
                0x2001c455                stateMax
                0x2001c456                area
 *fill*         0x2001c646        0x2 
 COMMON         0x2001c648        0x4 d:/programs/atollic/truestudio for stm32 9.3.0/armtools/bin/../lib/gcc/arm-atollic-eabi/6.3.1/../../../../arm-atollic-eabi/lib/armv7e-m/fpu\libc_nano.a(lib_a-reent.o)
                0x2001c648                errno
                0x2001c64c                . = ALIGN (0x4)
                0x2001c64c                _ebss = .
                0x2001c64c                __bss_end__ = _ebss

._user_heap_stack
                0x2001c64c      0x600
                0x2001c64c                . = ALIGN (0x4)
                0x2001c64c                PROVIDE (end, .)
                [!provide]                PROVIDE (_end, .)
                0x2001c84c                . = (. + _Min_Heap_Size)
 *fill*         0x2001c64c      0x200 
                0x2001cc4c                . = (. + _Min_Stack_Size)
 *fill*         0x2001c84c      0x400 
                0x2001cc4c                . = ALIGN (0x4)

/DISCARD/
 libc.a(*)
 libm.a(*)
 libgcc.a(*)

.ARM.attributes
                0x00000000       0x30
 *(.ARM.attributes)
 .ARM.attributes
                0x00000000       0x22 d:/programs/atollic/truestudio for stm32 9.3.0/armtools/bin/../lib/gcc/arm-atollic-eabi/6.3.1/armv7e-m/fpu/crti.o
 .ARM.attributes
                0x00000022       0x34 d:/programs/atollic/truestudio for stm32 9.3.0/armtools/bin/../lib/gcc/arm-atollic-eabi/6.3.1/armv7e-m/fpu/crtbegin.o
 .ARM.attributes
                0x00000056       0x39 Drivers\STM32F4xx_HAL_Driver\Src\stm32f4xx_hal.o
 .ARM.attributes
                0x0000008f       0x39 Drivers\STM32F4xx_HAL_Driver\Src\stm32f4xx_hal_cortex.o
 .ARM.attributes
                0x000000c8       0x39 Drivers\STM32F4xx_HAL_Driver\Src\stm32f4xx_hal_gpio.o
 .ARM.attributes
                0x00000101       0x39 Drivers\STM32F4xx_HAL_Driver\Src\stm32f4xx_hal_rcc.o
 .ARM.attributes
                0x0000013a       0x39 Drivers\STM32F4xx_HAL_Driver\Src\stm32f4xx_hal_rng.o
 .ARM.attributes
                0x00000173       0x39 Drivers\STM32F4xx_HAL_Driver\Src\stm32f4xx_hal_sram.o
 .ARM.attributes
                0x000001ac       0x39 Drivers\STM32F4xx_HAL_Driver\Src\stm32f4xx_hal_tim.o
 .ARM.attributes
                0x000001e5       0x39 Drivers\STM32F4xx_HAL_Driver\Src\stm32f4xx_hal_tim_ex.o
 .ARM.attributes
                0x0000021e       0x39 Drivers\STM32F4xx_HAL_Driver\Src\stm32f4xx_hal_uart.o
 .ARM.attributes
                0x00000257       0x39 Drivers\STM32F4xx_HAL_Driver\Src\stm32f4xx_ll_fsmc.o
 .ARM.attributes
                0x00000290       0x39 Src\ili9341.o
 .ARM.attributes
                0x000002c9       0x39 Src\main.o
 .ARM.attributes
                0x00000302       0x39 Src\stm32f4xx_hal_msp.o
 .ARM.attributes
                0x0000033b       0x39 Src\stm32f4xx_it.o
 .ARM.attributes
                0x00000374       0x39 Src\syscalls.o
 .ARM.attributes
                0x000003ad       0x39 Src\system_stm32f4xx.o
 .ARM.attributes
                0x000003e6       0x39 Src\tetris.o
 .ARM.attributes
                0x0000041f       0x21 startup\startup_stm32f407xx.o
 .ARM.attributes
                0x00000440       0x34 d:/programs/atollic/truestudio for stm32 9.3.0/armtools/bin/../lib/gcc/arm-atollic-eabi/6.3.1/../../../../arm-atollic-eabi/lib/armv7e-m/fpu\libc_nano.a(lib_a-errno.o)
 .ARM.attributes
                0x00000474       0x34 d:/programs/atollic/truestudio for stm32 9.3.0/armtools/bin/../lib/gcc/arm-atollic-eabi/6.3.1/../../../../arm-atollic-eabi/lib/armv7e-m/fpu\libc_nano.a(lib_a-impure.o)
 .ARM.attributes
                0x000004a8       0x34 d:/programs/atollic/truestudio for stm32 9.3.0/armtools/bin/../lib/gcc/arm-atollic-eabi/6.3.1/../../../../arm-atollic-eabi/lib/armv7e-m/fpu\libc_nano.a(lib_a-init.o)
 .ARM.attributes
                0x000004dc       0x34 d:/programs/atollic/truestudio for stm32 9.3.0/armtools/bin/../lib/gcc/arm-atollic-eabi/6.3.1/../../../../arm-atollic-eabi/lib/armv7e-m/fpu\libc_nano.a(lib_a-memset.o)
 .ARM.attributes
                0x00000510       0x34 d:/programs/atollic/truestudio for stm32 9.3.0/armtools/bin/../lib/gcc/arm-atollic-eabi/6.3.1/../../../../arm-atollic-eabi/lib/armv7e-m/fpu\libc_nano.a(lib_a-sprintf.o)
 .ARM.attributes
                0x00000544       0x1b d:/programs/atollic/truestudio for stm32 9.3.0/armtools/bin/../lib/gcc/arm-atollic-eabi/6.3.1/../../../../arm-atollic-eabi/lib/armv7e-m/fpu\libc_nano.a(lib_a-strlen.o)
 .ARM.attributes
                0x0000055f       0x34 d:/programs/atollic/truestudio for stm32 9.3.0/armtools/bin/../lib/gcc/arm-atollic-eabi/6.3.1/../../../../arm-atollic-eabi/lib/armv7e-m/fpu\libc_nano.a(lib_a-nano-svfprintf.o)
 .ARM.attributes
                0x00000593       0x34 d:/programs/atollic/truestudio for stm32 9.3.0/armtools/bin/../lib/gcc/arm-atollic-eabi/6.3.1/../../../../arm-atollic-eabi/lib/armv7e-m/fpu\libc_nano.a(lib_a-nano-vfprintf_i.o)
 .ARM.attributes
                0x000005c7       0x20 d:/programs/atollic/truestudio for stm32 9.3.0/armtools/bin/../lib/gcc/arm-atollic-eabi/6.3.1/../../../../arm-atollic-eabi/lib/armv7e-m/fpu\libc_nano.a(lib_a-memchr.o)
 .ARM.attributes
                0x000005e7       0x34 d:/programs/atollic/truestudio for stm32 9.3.0/armtools/bin/../lib/gcc/arm-atollic-eabi/6.3.1/../../../../arm-atollic-eabi/lib/armv7e-m/fpu\libc_nano.a(lib_a-memcpy-stub.o)
 .ARM.attributes
                0x0000061b       0x34 d:/programs/atollic/truestudio for stm32 9.3.0/armtools/bin/../lib/gcc/arm-atollic-eabi/6.3.1/../../../../arm-atollic-eabi/lib/armv7e-m/fpu\libc_nano.a(lib_a-memmove.o)
 .ARM.attributes
                0x0000064f       0x34 d:/programs/atollic/truestudio for stm32 9.3.0/armtools/bin/../lib/gcc/arm-atollic-eabi/6.3.1/../../../../arm-atollic-eabi/lib/armv7e-m/fpu\libc_nano.a(lib_a-nano-freer.o)
 .ARM.attributes
                0x00000683       0x34 d:/programs/atollic/truestudio for stm32 9.3.0/armtools/bin/../lib/gcc/arm-atollic-eabi/6.3.1/../../../../arm-atollic-eabi/lib/armv7e-m/fpu\libc_nano.a(lib_a-nano-mallocr.o)
 .ARM.attributes
                0x000006b7       0x34 d:/programs/atollic/truestudio for stm32 9.3.0/armtools/bin/../lib/gcc/arm-atollic-eabi/6.3.1/../../../../arm-atollic-eabi/lib/armv7e-m/fpu\libc_nano.a(lib_a-nano-reallocr.o)
 .ARM.attributes
                0x000006eb       0x34 d:/programs/atollic/truestudio for stm32 9.3.0/armtools/bin/../lib/gcc/arm-atollic-eabi/6.3.1/../../../../arm-atollic-eabi/lib/armv7e-m/fpu\libc_nano.a(lib_a-sbrkr.o)
 .ARM.attributes
                0x0000071f       0x34 d:/programs/atollic/truestudio for stm32 9.3.0/armtools/bin/../lib/gcc/arm-atollic-eabi/6.3.1/../../../../arm-atollic-eabi/lib/armv7e-m/fpu\libc_nano.a(lib_a-mlock.o)
 .ARM.attributes
                0x00000753       0x34 d:/programs/atollic/truestudio for stm32 9.3.0/armtools/bin/../lib/gcc/arm-atollic-eabi/6.3.1/../../../../arm-atollic-eabi/lib/armv7e-m/fpu\libc_nano.a(lib_a-nano-msizer.o)
 .ARM.attributes
                0x00000787       0x34 d:/programs/atollic/truestudio for stm32 9.3.0/armtools/bin/../lib/gcc/arm-atollic-eabi/6.3.1/../../../../arm-atollic-eabi/lib/armv7e-m/fpu\libc_nano.a(lib_a-reent.o)
 .ARM.attributes
                0x000007bb       0x22 d:/programs/atollic/truestudio for stm32 9.3.0/armtools/bin/../lib/gcc/arm-atollic-eabi/6.3.1/armv7e-m/fpu\libgcc.a(_aeabi_uldivmod.o)
 .ARM.attributes
                0x000007dd       0x34 d:/programs/atollic/truestudio for stm32 9.3.0/armtools/bin/../lib/gcc/arm-atollic-eabi/6.3.1/armv7e-m/fpu\libgcc.a(_udivmoddi4.o)
 .ARM.attributes
                0x00000811       0x22 d:/programs/atollic/truestudio for stm32 9.3.0/armtools/bin/../lib/gcc/arm-atollic-eabi/6.3.1/armv7e-m/fpu\libgcc.a(_dvmd_tls.o)
 .ARM.attributes
                0x00000833       0x22 d:/programs/atollic/truestudio for stm32 9.3.0/armtools/bin/../lib/gcc/arm-atollic-eabi/6.3.1/armv7e-m/fpu/crtn.o
OUTPUT(5-TetrisGame.elf elf32-littlearm)

.debug_info     0x00000000    0x154aa
 .debug_info    0x00000000      0xa14 Drivers\STM32F4xx_HAL_Driver\Src\stm32f4xx_hal.o
 .debug_info    0x00000a14      0xf8a Drivers\STM32F4xx_HAL_Driver\Src\stm32f4xx_hal_cortex.o
 .debug_info    0x0000199e      0x7c6 Drivers\STM32F4xx_HAL_Driver\Src\stm32f4xx_hal_gpio.o
 .debug_info    0x00002164      0xaad Drivers\STM32F4xx_HAL_Driver\Src\stm32f4xx_hal_rcc.o
 .debug_info    0x00002c11      0x61a Drivers\STM32F4xx_HAL_Driver\Src\stm32f4xx_hal_rng.o
 .debug_info    0x0000322b      0xc1c Drivers\STM32F4xx_HAL_Driver\Src\stm32f4xx_hal_sram.o
 .debug_info    0x00003e47     0x3521 Drivers\STM32F4xx_HAL_Driver\Src\stm32f4xx_hal_tim.o
 .debug_info    0x00007368     0x134f Drivers\STM32F4xx_HAL_Driver\Src\stm32f4xx_hal_tim_ex.o
 .debug_info    0x000086b7     0x16b0 Drivers\STM32F4xx_HAL_Driver\Src\stm32f4xx_hal_uart.o
 .debug_info    0x00009d67      0xae8 Drivers\STM32F4xx_HAL_Driver\Src\stm32f4xx_ll_fsmc.o
 .debug_info    0x0000a84f     0x1ef1 Src\ili9341.o
 .debug_info    0x0000c740     0x2a59 Src\main.o
 .debug_info    0x0000f199     0x13de Src\stm32f4xx_hal_msp.o
 .debug_info    0x00010577      0x805 Src\stm32f4xx_it.o
 .debug_info    0x00010d7c      0xfe1 Src\syscalls.o
 .debug_info    0x00011d5d      0x55b Src\system_stm32f4xx.o
 .debug_info    0x000122b8     0x317c Src\tetris.o
 .debug_info    0x00015434       0x76 startup\startup_stm32f407xx.o

.debug_abbrev   0x00000000     0x2cc9
 .debug_abbrev  0x00000000      0x239 Drivers\STM32F4xx_HAL_Driver\Src\stm32f4xx_hal.o
 .debug_abbrev  0x00000239      0x314 Drivers\STM32F4xx_HAL_Driver\Src\stm32f4xx_hal_cortex.o
 .debug_abbrev  0x0000054d      0x1ef Drivers\STM32F4xx_HAL_Driver\Src\stm32f4xx_hal_gpio.o
 .debug_abbrev  0x0000073c      0x2cb Drivers\STM32F4xx_HAL_Driver\Src\stm32f4xx_hal_rcc.o
 .debug_abbrev  0x00000a07      0x24f Drivers\STM32F4xx_HAL_Driver\Src\stm32f4xx_hal_rng.o
 .debug_abbrev  0x00000c56      0x232 Drivers\STM32F4xx_HAL_Driver\Src\stm32f4xx_hal_sram.o
 .debug_abbrev  0x00000e88      0x324 Drivers\STM32F4xx_HAL_Driver\Src\stm32f4xx_hal_tim.o
 .debug_abbrev  0x000011ac      0x29c Drivers\STM32F4xx_HAL_Driver\Src\stm32f4xx_hal_tim_ex.o
 .debug_abbrev  0x00001448      0x313 Drivers\STM32F4xx_HAL_Driver\Src\stm32f4xx_hal_uart.o
 .debug_abbrev  0x0000175b      0x1a5 Drivers\STM32F4xx_HAL_Driver\Src\stm32f4xx_ll_fsmc.o
 .debug_abbrev  0x00001900      0x4a0 Src\ili9341.o
 .debug_abbrev  0x00001da0      0x30f Src\main.o
 .debug_abbrev  0x000020af      0x28f Src\stm32f4xx_hal_msp.o
 .debug_abbrev  0x0000233e      0x1b5 Src\stm32f4xx_it.o
 .debug_abbrev  0x000024f3      0x2d9 Src\syscalls.o
 .debug_abbrev  0x000027cc      0x126 Src\system_stm32f4xx.o
 .debug_abbrev  0x000028f2      0x3c5 Src\tetris.o
 .debug_abbrev  0x00002cb7       0x12 startup\startup_stm32f407xx.o

.debug_loc      0x00000000     0x840b
 .debug_loc     0x00000000      0x12e Drivers\STM32F4xx_HAL_Driver\Src\stm32f4xx_hal.o
 .debug_loc     0x0000012e      0x4fb Drivers\STM32F4xx_HAL_Driver\Src\stm32f4xx_hal_cortex.o
 .debug_loc     0x00000629      0x357 Drivers\STM32F4xx_HAL_Driver\Src\stm32f4xx_hal_gpio.o
 .debug_loc     0x00000980      0x346 Drivers\STM32F4xx_HAL_Driver\Src\stm32f4xx_hal_rcc.o
 .debug_loc     0x00000cc6      0x2d9 Drivers\STM32F4xx_HAL_Driver\Src\stm32f4xx_hal_rng.o
 .debug_loc     0x00000f9f      0x761 Drivers\STM32F4xx_HAL_Driver\Src\stm32f4xx_hal_sram.o
 .debug_loc     0x00001700     0x3009 Drivers\STM32F4xx_HAL_Driver\Src\stm32f4xx_hal_tim.o
 .debug_loc     0x00004709      0xa7c Drivers\STM32F4xx_HAL_Driver\Src\stm32f4xx_hal_tim_ex.o
 .debug_loc     0x00005185     0x1350 Drivers\STM32F4xx_HAL_Driver\Src\stm32f4xx_hal_uart.o
 .debug_loc     0x000064d5      0x5a3 Drivers\STM32F4xx_HAL_Driver\Src\stm32f4xx_ll_fsmc.o
 .debug_loc     0x00006a78      0xc45 Src\ili9341.o
 .debug_loc     0x000076bd      0x13f Src\stm32f4xx_hal_msp.o
 .debug_loc     0x000077fc      0x3ef Src\syscalls.o
 .debug_loc     0x00007beb      0x11c Src\system_stm32f4xx.o
 .debug_loc     0x00007d07      0x704 Src\tetris.o

.debug_aranges  0x00000000      0xc50
 .debug_aranges
                0x00000000       0xe8 Drivers\STM32F4xx_HAL_Driver\Src\stm32f4xx_hal.o
 .debug_aranges
                0x000000e8       0xa8 Drivers\STM32F4xx_HAL_Driver\Src\stm32f4xx_hal_cortex.o
 .debug_aranges
                0x00000190       0x58 Drivers\STM32F4xx_HAL_Driver\Src\stm32f4xx_hal_gpio.o
 .debug_aranges
                0x000001e8       0x88 Drivers\STM32F4xx_HAL_Driver\Src\stm32f4xx_hal_rcc.o
 .debug_aranges
                0x00000270       0x78 Drivers\STM32F4xx_HAL_Driver\Src\stm32f4xx_hal_rng.o
 .debug_aranges
                0x000002e8       0x88 Drivers\STM32F4xx_HAL_Driver\Src\stm32f4xx_hal_sram.o
 .debug_aranges
                0x00000370      0x278 Drivers\STM32F4xx_HAL_Driver\Src\stm32f4xx_hal_tim.o
 .debug_aranges
                0x000005e8       0xf8 Drivers\STM32F4xx_HAL_Driver\Src\stm32f4xx_hal_tim_ex.o
 .debug_aranges
                0x000006e0      0x170 Drivers\STM32F4xx_HAL_Driver\Src\stm32f4xx_hal_uart.o
 .debug_aranges
                0x00000850       0xa8 Drivers\STM32F4xx_HAL_Driver\Src\stm32f4xx_ll_fsmc.o
 .debug_aranges
                0x000008f8       0x90 Src\ili9341.o
 .debug_aranges
                0x00000988       0x30 Src\main.o
 .debug_aranges
                0x000009b8       0x60 Src\stm32f4xx_hal_msp.o
 .debug_aranges
                0x00000a18       0x58 Src\stm32f4xx_it.o
 .debug_aranges
                0x00000a70       0xb0 Src\syscalls.o
 .debug_aranges
                0x00000b20       0x28 Src\system_stm32f4xx.o
 .debug_aranges
                0x00000b48       0xe0 Src\tetris.o
 .debug_aranges
                0x00000c28       0x28 startup\startup_stm32f407xx.o

.debug_ranges   0x00000000     0x10e8
 .debug_ranges  0x00000000       0xd8 Drivers\STM32F4xx_HAL_Driver\Src\stm32f4xx_hal.o
 .debug_ranges  0x000000d8      0x128 Drivers\STM32F4xx_HAL_Driver\Src\stm32f4xx_hal_cortex.o
 .debug_ranges  0x00000200       0x68 Drivers\STM32F4xx_HAL_Driver\Src\stm32f4xx_hal_gpio.o
 .debug_ranges  0x00000268       0xb0 Drivers\STM32F4xx_HAL_Driver\Src\stm32f4xx_hal_rcc.o
 .debug_ranges  0x00000318       0x68 Drivers\STM32F4xx_HAL_Driver\Src\stm32f4xx_hal_rng.o
 .debug_ranges  0x00000380       0x78 Drivers\STM32F4xx_HAL_Driver\Src\stm32f4xx_hal_sram.o
 .debug_ranges  0x000003f8      0x340 Drivers\STM32F4xx_HAL_Driver\Src\stm32f4xx_hal_tim.o
 .debug_ranges  0x00000738       0xe8 Drivers\STM32F4xx_HAL_Driver\Src\stm32f4xx_hal_tim_ex.o
 .debug_ranges  0x00000820      0x178 Drivers\STM32F4xx_HAL_Driver\Src\stm32f4xx_hal_uart.o
 .debug_ranges  0x00000998       0x98 Drivers\STM32F4xx_HAL_Driver\Src\stm32f4xx_ll_fsmc.o
 .debug_ranges  0x00000a30      0x218 Src\ili9341.o
 .debug_ranges  0x00000c48       0x60 Src\main.o
 .debug_ranges  0x00000ca8       0xc8 Src\stm32f4xx_hal_msp.o
 .debug_ranges  0x00000d70       0x48 Src\stm32f4xx_it.o
 .debug_ranges  0x00000db8       0xa0 Src\syscalls.o
 .debug_ranges  0x00000e58       0x18 Src\system_stm32f4xx.o
 .debug_ranges  0x00000e70      0x258 Src\tetris.o
 .debug_ranges  0x000010c8       0x20 startup\startup_stm32f407xx.o

.debug_line     0x00000000     0x5f1e
 .debug_line    0x00000000      0x40a Drivers\STM32F4xx_HAL_Driver\Src\stm32f4xx_hal.o
 .debug_line    0x0000040a      0x453 Drivers\STM32F4xx_HAL_Driver\Src\stm32f4xx_hal_cortex.o
 .debug_line    0x0000085d      0x3dc Drivers\STM32F4xx_HAL_Driver\Src\stm32f4xx_hal_gpio.o
 .debug_line    0x00000c39      0x504 Drivers\STM32F4xx_HAL_Driver\Src\stm32f4xx_hal_rcc.o
 .debug_line    0x0000113d      0x39a Drivers\STM32F4xx_HAL_Driver\Src\stm32f4xx_hal_rng.o
 .debug_line    0x000014d7      0x4df Drivers\STM32F4xx_HAL_Driver\Src\stm32f4xx_hal_sram.o
 .debug_line    0x000019b6     0x1181 Drivers\STM32F4xx_HAL_Driver\Src\stm32f4xx_hal_tim.o
 .debug_line    0x00002b37      0x69e Drivers\STM32F4xx_HAL_Driver\Src\stm32f4xx_hal_tim_ex.o
 .debug_line    0x000031d5      0xb7f Drivers\STM32F4xx_HAL_Driver\Src\stm32f4xx_hal_uart.o
 .debug_line    0x00003d54      0x48d Drivers\STM32F4xx_HAL_Driver\Src\stm32f4xx_ll_fsmc.o
 .debug_line    0x000041e1      0x5bf Src\ili9341.o
 .debug_line    0x000047a0      0x476 Src\main.o
 .debug_line    0x00004c16      0x38c Src\stm32f4xx_hal_msp.o
 .debug_line    0x00004fa2      0x296 Src\stm32f4xx_it.o
 .debug_line    0x00005238      0x38f Src\syscalls.o
 .debug_line    0x000055c7      0x1f7 Src\system_stm32f4xx.o
 .debug_line    0x000057be      0x6e2 Src\tetris.o
 .debug_line    0x00005ea0       0x7e startup\startup_stm32f407xx.o

.debug_str      0x00000000     0x48b2
 .debug_str     0x00000000      0xb52 Drivers\STM32F4xx_HAL_Driver\Src\stm32f4xx_hal.o
                                0xbc0 (size before relaxing)
 .debug_str     0x00000b52      0x4a1 Drivers\STM32F4xx_HAL_Driver\Src\stm32f4xx_hal_cortex.o
                                0xcff (size before relaxing)
 .debug_str     0x00000ff3      0x1de Drivers\STM32F4xx_HAL_Driver\Src\stm32f4xx_hal_gpio.o
                                0x5c5 (size before relaxing)
 .debug_str     0x000011d1      0x2f4 Drivers\STM32F4xx_HAL_Driver\Src\stm32f4xx_hal_rcc.o
                                0x7a3 (size before relaxing)
 .debug_str     0x000014c5      0x25f Drivers\STM32F4xx_HAL_Driver\Src\stm32f4xx_hal_rng.o
                                0x550 (size before relaxing)
 .debug_str     0x00001724      0x681 Drivers\STM32F4xx_HAL_Driver\Src\stm32f4xx_hal_sram.o
                                0xa01 (size before relaxing)
 .debug_str     0x00001da5      0xffd Drivers\STM32F4xx_HAL_Driver\Src\stm32f4xx_hal_tim.o
                               0x15a2 (size before relaxing)
 .debug_str     0x00002da2      0x548 Drivers\STM32F4xx_HAL_Driver\Src\stm32f4xx_hal_tim_ex.o
                                0xdba (size before relaxing)
 .debug_str     0x000032ea      0x6fc Drivers\STM32F4xx_HAL_Driver\Src\stm32f4xx_hal_uart.o
                                0xd06 (size before relaxing)
 .debug_str     0x000039e6      0x2a9 Drivers\STM32F4xx_HAL_Driver\Src\stm32f4xx_ll_fsmc.o
                                0x81b (size before relaxing)
 .debug_str     0x00003c8f      0x55e Src\ili9341.o
                                0xced (size before relaxing)
 .debug_str     0x000041ed       0x9a Src\main.o
                               0x1469 (size before relaxing)
 .debug_str     0x00004287       0x6d Src\stm32f4xx_hal_msp.o
                               0x12a1 (size before relaxing)
 .debug_str     0x000042f4       0xca Src\stm32f4xx_it.o
                                0x84e (size before relaxing)
 .debug_str     0x000043be      0x24c Src\syscalls.o
                                0x878 (size before relaxing)
 .debug_str     0x0000460a       0x45 Src\system_stm32f4xx.o
                                0x429 (size before relaxing)
 .debug_str     0x0000464f      0x263 Src\tetris.o
                                0xfa4 (size before relaxing)

.comment        0x00000000       0x7c
 .comment       0x00000000       0x7c Drivers\STM32F4xx_HAL_Driver\Src\stm32f4xx_hal.o
                                 0x7d (size before relaxing)
 .comment       0x0000007c       0x7d Drivers\STM32F4xx_HAL_Driver\Src\stm32f4xx_hal_cortex.o
 .comment       0x0000007c       0x7d Drivers\STM32F4xx_HAL_Driver\Src\stm32f4xx_hal_gpio.o
 .comment       0x0000007c       0x7d Drivers\STM32F4xx_HAL_Driver\Src\stm32f4xx_hal_rcc.o
 .comment       0x0000007c       0x7d Drivers\STM32F4xx_HAL_Driver\Src\stm32f4xx_hal_rng.o
 .comment       0x0000007c       0x7d Drivers\STM32F4xx_HAL_Driver\Src\stm32f4xx_hal_sram.o
 .comment       0x0000007c       0x7d Drivers\STM32F4xx_HAL_Driver\Src\stm32f4xx_hal_tim.o
 .comment       0x0000007c       0x7d Drivers\STM32F4xx_HAL_Driver\Src\stm32f4xx_hal_tim_ex.o
 .comment       0x0000007c       0x7d Drivers\STM32F4xx_HAL_Driver\Src\stm32f4xx_hal_uart.o
 .comment       0x0000007c       0x7d Drivers\STM32F4xx_HAL_Driver\Src\stm32f4xx_ll_fsmc.o
 .comment       0x0000007c       0x7d Src\ili9341.o
 .comment       0x0000007c       0x7d Src\main.o
 .comment       0x0000007c       0x7d Src\stm32f4xx_hal_msp.o
 .comment       0x0000007c       0x7d Src\stm32f4xx_it.o
 .comment       0x0000007c       0x7d Src\syscalls.o
 .comment       0x0000007c       0x7d Src\system_stm32f4xx.o
 .comment       0x0000007c       0x7d Src\tetris.o

.debug_frame    0x00000000     0x2770
 .debug_frame   0x00000000      0x1f4 Drivers\STM32F4xx_HAL_Driver\Src\stm32f4xx_hal.o
 .debug_frame   0x000001f4      0x158 Drivers\STM32F4xx_HAL_Driver\Src\stm32f4xx_hal_cortex.o
 .debug_frame   0x0000034c       0xd8 Drivers\STM32F4xx_HAL_Driver\Src\stm32f4xx_hal_gpio.o
 .debug_frame   0x00000424      0x13c Drivers\STM32F4xx_HAL_Driver\Src\stm32f4xx_hal_rcc.o
 .debug_frame   0x00000560      0x120 Drivers\STM32F4xx_HAL_Driver\Src\stm32f4xx_hal_rng.o
 .debug_frame   0x00000680      0x1a8 Drivers\STM32F4xx_HAL_Driver\Src\stm32f4xx_hal_sram.o
 .debug_frame   0x00000828      0x928 Drivers\STM32F4xx_HAL_Driver\Src\stm32f4xx_hal_tim.o
 .debug_frame   0x00001150      0x360 Drivers\STM32F4xx_HAL_Driver\Src\stm32f4xx_hal_tim_ex.o
 .debug_frame   0x000014b0      0x4a0 Drivers\STM32F4xx_HAL_Driver\Src\stm32f4xx_hal_uart.o
 .debug_frame   0x00001950      0x190 Drivers\STM32F4xx_HAL_Driver\Src\stm32f4xx_ll_fsmc.o
 .debug_frame   0x00001ae0      0x1a8 Src\ili9341.o
 .debug_frame   0x00001c88       0x58 Src\main.o
 .debug_frame   0x00001ce0       0xec Src\stm32f4xx_hal_msp.o
 .debug_frame   0x00001dcc       0xc0 Src\stm32f4xx_it.o
 .debug_frame   0x00001e8c      0x1a8 Src\syscalls.o
 .debug_frame   0x00002034       0x38 Src\system_stm32f4xx.o
 .debug_frame   0x0000206c      0x310 Src\tetris.o
 .debug_frame   0x0000237c       0x20 d:/programs/atollic/truestudio for stm32 9.3.0/armtools/bin/../lib/gcc/arm-atollic-eabi/6.3.1/../../../../arm-atollic-eabi/lib/armv7e-m/fpu\libc_nano.a(lib_a-errno.o)
 .debug_frame   0x0000239c       0x2c d:/programs/atollic/truestudio for stm32 9.3.0/armtools/bin/../lib/gcc/arm-atollic-eabi/6.3.1/../../../../arm-atollic-eabi/lib/armv7e-m/fpu\libc_nano.a(lib_a-init.o)
 .debug_frame   0x000023c8       0x20 d:/programs/atollic/truestudio for stm32 9.3.0/armtools/bin/../lib/gcc/arm-atollic-eabi/6.3.1/../../../../arm-atollic-eabi/lib/armv7e-m/fpu\libc_nano.a(lib_a-memset.o)
 .debug_frame   0x000023e8       0x70 d:/programs/atollic/truestudio for stm32 9.3.0/armtools/bin/../lib/gcc/arm-atollic-eabi/6.3.1/../../../../arm-atollic-eabi/lib/armv7e-m/fpu\libc_nano.a(lib_a-sprintf.o)
 .debug_frame   0x00002458       0x90 d:/programs/atollic/truestudio for stm32 9.3.0/armtools/bin/../lib/gcc/arm-atollic-eabi/6.3.1/../../../../arm-atollic-eabi/lib/armv7e-m/fpu\libc_nano.a(lib_a-nano-svfprintf.o)
 .debug_frame   0x000024e8       0x60 d:/programs/atollic/truestudio for stm32 9.3.0/armtools/bin/../lib/gcc/arm-atollic-eabi/6.3.1/../../../../arm-atollic-eabi/lib/armv7e-m/fpu\libc_nano.a(lib_a-nano-vfprintf_i.o)
 .debug_frame   0x00002548       0x28 d:/programs/atollic/truestudio for stm32 9.3.0/armtools/bin/../lib/gcc/arm-atollic-eabi/6.3.1/../../../../arm-atollic-eabi/lib/armv7e-m/fpu\libc_nano.a(lib_a-memcpy-stub.o)
 .debug_frame   0x00002570       0x28 d:/programs/atollic/truestudio for stm32 9.3.0/armtools/bin/../lib/gcc/arm-atollic-eabi/6.3.1/../../../../arm-atollic-eabi/lib/armv7e-m/fpu\libc_nano.a(lib_a-memmove.o)
 .debug_frame   0x00002598       0x38 d:/programs/atollic/truestudio for stm32 9.3.0/armtools/bin/../lib/gcc/arm-atollic-eabi/6.3.1/../../../../arm-atollic-eabi/lib/armv7e-m/fpu\libc_nano.a(lib_a-nano-freer.o)
 .debug_frame   0x000025d0       0x2c d:/programs/atollic/truestudio for stm32 9.3.0/armtools/bin/../lib/gcc/arm-atollic-eabi/6.3.1/../../../../arm-atollic-eabi/lib/armv7e-m/fpu\libc_nano.a(lib_a-nano-mallocr.o)
 .debug_frame   0x000025fc       0x3c d:/programs/atollic/truestudio for stm32 9.3.0/armtools/bin/../lib/gcc/arm-atollic-eabi/6.3.1/../../../../arm-atollic-eabi/lib/armv7e-m/fpu\libc_nano.a(lib_a-nano-reallocr.o)
 .debug_frame   0x00002638       0x2c d:/programs/atollic/truestudio for stm32 9.3.0/armtools/bin/../lib/gcc/arm-atollic-eabi/6.3.1/../../../../arm-atollic-eabi/lib/armv7e-m/fpu\libc_nano.a(lib_a-sbrkr.o)
 .debug_frame   0x00002664       0x30 d:/programs/atollic/truestudio for stm32 9.3.0/armtools/bin/../lib/gcc/arm-atollic-eabi/6.3.1/../../../../arm-atollic-eabi/lib/armv7e-m/fpu\libc_nano.a(lib_a-mlock.o)
 .debug_frame   0x00002694       0x20 d:/programs/atollic/truestudio for stm32 9.3.0/armtools/bin/../lib/gcc/arm-atollic-eabi/6.3.1/../../../../arm-atollic-eabi/lib/armv7e-m/fpu\libc_nano.a(lib_a-nano-msizer.o)
 .debug_frame   0x000026b4       0x5c d:/programs/atollic/truestudio for stm32 9.3.0/armtools/bin/../lib/gcc/arm-atollic-eabi/6.3.1/../../../../arm-atollic-eabi/lib/armv7e-m/fpu\libc_nano.a(lib_a-reent.o)
 .debug_frame   0x00002710       0x2c d:/programs/atollic/truestudio for stm32 9.3.0/armtools/bin/../lib/gcc/arm-atollic-eabi/6.3.1/armv7e-m/fpu\libgcc.a(_aeabi_uldivmod.o)
 .debug_frame   0x0000273c       0x34 d:/programs/atollic/truestudio for stm32 9.3.0/armtools/bin/../lib/gcc/arm-atollic-eabi/6.3.1/armv7e-m/fpu\libgcc.a(_udivmoddi4.o)
